go : # github.com/srams
/backend/internal/servi
ces
At line:1 char:1
+ go build ./... 2>&1 
| Out-File -FilePath 
build_errors.txt; 
Get-Conten ...
+ ~~~~~~~~~~~~~~~~~~~
    + CategoryInfo     
         : NotSpecifi  
  ed: (# github.com/   
 sr...ternal/servic    
es:String) [], Rem    
oteException
    + FullyQualifiedEr 
   rorId : NativeComm  
  andError
 
internal\services\docum
ent_service.go:459:21: 
cannot use 
reviewNote.String 
(variable of type 
string) as *string 
value in assignment
